<dec f='ffmpeg/libavcodec/vp8.h' l='275' type='uint8_t'/>
<use f='ffmpeg/libavcodec/vp8.c' l='835' u='w' c='vp8_decode_frame_header'/>
<use f='ffmpeg/libavcodec/vp8.c' l='1299' u='r' c='decode_mb_mode'/>
<offset>48</offset>
